current directory: /home/ubuntu/portfolio-backend/vendor/bundle/ruby/3.2.0/gems/date-3.5.1/ext/date
/home/ubuntu/.rbenv/versions/3.2.11/bin/ruby extconf.rb
checking for rb_category_warn()... yes
checking for timezone in time.h with  -Werror... yes
checking for altzone in time.h with  -Werror... no
creating Makefile

current directory: /home/ubuntu/portfolio-backend/vendor/bundle/ruby/3.2.0/gems/date-3.5.1/ext/date
make DESTDIR\= sitearchdir\=./.gem.20260825-66692-32hnnp sitelibdir\=./.gem.20260825-66692-32hnnp clean

current directory: /home/ubuntu/portfolio-backend/vendor/bundle/ruby/3.2.0/gems/date-3.5.1/ext/date
make DESTDIR\= sitearchdir\=./.gem.20260825-66692-32hnnp sitelibdir\=./.gem.20260825-66692-32hnnp
compiling date_core.c
compiling date_parse.c
compiling date_strftime.c
compiling date_strptime.c
linking shared-object date_core.so

current directory: /home/ubuntu/portfolio-backend/vendor/bundle/ruby/3.2.0/gems/date-3.5.1/ext/date
make DESTDIR\= sitearchdir\=./.gem.20260825-66692-32hnnp sitelibdir\=./.gem.20260825-66692-32hnnp install
/usr/bin/install -c -m 0755 date_core.so ./.gem.20260825-66692-32hnnp

current directory: /home/ubuntu/portfolio-backend/vendor/bundle/ruby/3.2.0/gems/date-3.5.1/ext/date
make DESTDIR\= sitearchdir\=./.gem.20260825-66692-32hnnp sitelibdir\=./.gem.20260825-66692-32hnnp clean
