current directory: /home/ubuntu/portfolio-backend/vendor/bundle/ruby/3.2.0/gems/prism-1.9.0/ext/prism
/home/ubuntu/.rbenv/versions/3.2.11/bin/ruby extconf.rb
checking for prism.h in /home/ubuntu/portfolio-backend/vendor/bundle/ruby/3.2.0/gems/prism-1.9.0/include... yes
checking for prism/extension.h in /home/ubuntu/portfolio-backend/vendor/bundle/ruby/3.2.0/gems/prism-1.9.0/ext... yes
checking for whether -fvisibility=hidden is accepted as CFLAGS... yes
creating Makefile

current directory: /home/ubuntu/portfolio-backend/vendor/bundle/ruby/3.2.0/gems/prism-1.9.0/ext/prism
make DESTDIR\= sitearchdir\=./.gem.20260825-66692-98top5 sitelibdir\=./.gem.20260825-66692-98top5 clean

current directory: /home/ubuntu/portfolio-backend/vendor/bundle/ruby/3.2.0/gems/prism-1.9.0/ext/prism
make DESTDIR\= sitearchdir\=./.gem.20260825-66692-98top5 sitelibdir\=./.gem.20260825-66692-98top5
compiling api_node.c
compiling api_pack.c
compiling extension.c
compiling ./../../src/diagnostic.c
compiling ./../../src/encoding.c
compiling ./../../src/node.c
compiling ./../../src/options.c
compiling ./../../src/pack.c
compiling ./../../src/prettyprint.c
compiling ./../../src/prism.c
compiling ./../../src/regexp.c
compiling ./../../src/serialize.c
compiling ./../../src/static_literals.c
compiling ./../../src/token_type.c
compiling ./../../src/util/pm_buffer.c
compiling ./../../src/util/pm_char.c
compiling ./../../src/util/pm_constant_pool.c
compiling ./../../src/util/pm_integer.c
compiling ./../../src/util/pm_list.c
compiling ./../../src/util/pm_memchr.c
./../../src/util/pm_memchr.c: In function ‘pm_memchr’:
./../../src/util/pm_memchr.c:31:16: warning: return discards ‘const’ qualifier from pointer target type [-Wdiscarded-qualifiers]
   31 |         return memchr(memory, character, number);
      |                ^~~~~~
At top level:
cc1: note: unrecognized command-line option ‘-Wno-self-assign’ may have been intended to silence earlier diagnostics
cc1: note: unrecognized command-line option ‘-Wno-parentheses-equality’ may have been intended to silence earlier diagnostics
cc1: note: unrecognized command-line option ‘-Wno-constant-logical-operand’ may have been intended to silence earlier diagnostics
compiling ./../../src/util/pm_newline_list.c
compiling ./../../src/util/pm_string.c
compiling ./../../src/util/pm_strncasecmp.c
compiling ./../../src/util/pm_strpbrk.c
linking shared-object prism/prism.so

current directory: /home/ubuntu/portfolio-backend/vendor/bundle/ruby/3.2.0/gems/prism-1.9.0/ext/prism
make DESTDIR\= sitearchdir\=./.gem.20260825-66692-98top5 sitelibdir\=./.gem.20260825-66692-98top5 install
/usr/bin/install -c -m 0755 prism.so ./.gem.20260825-66692-98top5/prism

current directory: /home/ubuntu/portfolio-backend/vendor/bundle/ruby/3.2.0/gems/prism-1.9.0/ext/prism
make DESTDIR\= sitearchdir\=./.gem.20260825-66692-98top5 sitelibdir\=./.gem.20260825-66692-98top5 clean
